// Jest Snapshot v1, https://goo.gl/fbAQLP

exports[`Storyshots Button Emoji 1`] = `
<button
  onClick={[Function]}
  style={
    Object {
      "backgroundColor": "#FFFFFF",
      "border": "1px solid #eee",
      "borderRadius": 3,
      "cursor": "pointer",
      "fontSize": 15,
      "margin": 10,
      "padding": "3px 10px",
    }
  }
  type="button"
>
  <span
    aria-label="so cool"
    role="img"
  >
    üòÄ üòé üëç üíØ
  </span>
</button>
`;

exports[`Storyshots Button Generic Dark Mode 1`] = `
<div
  style={
    Object {
      "padding": "3rem",
    }
  }
>
  <button
    className="sc-AxjAm iuhPQy"
    onClick={[Function]}
  >
    <p>
      Add to Cart
    </p>
  </button>
</div>
`;

exports[`Storyshots Button Generic Default 1`] = `
<div
  style={
    Object {
      "padding": "3rem",
    }
  }
>
  <button
    className="sc-AxjAm dmLlNS"
    onClick={[Function]}
  >
    <p>
      Click me
    </p>
  </button>
</div>
`;

exports[`Storyshots Button Heart Dark Mode 1`] = `
<div
  style={
    Object {
      "padding": "3rem",
    }
  }
>
  <button
    className="sc-AxirZ gBAHCS"
    onClick={[Function]}
    size={50}
  >
    <svg
      className="heart"
      fill="currentColor"
      height="1em"
      stroke="currentColor"
      strokeWidth="0"
      style={
        Object {
          "color": undefined,
        }
      }
      viewBox="0 0 512 512"
      width="1em"
      xmlns="http://www.w3.org/2000/svg"
    >
      <path
        d="M352 56h-1c-39.7 0-74.8 21-95 52-20.2-31-55.3-52-95-52h-1c-61.9.6-112 50.9-112 113 0 37 16.2 89.5 47.8 132.7C156 384 256 456 256 456s100-72 160.2-154.3C447.8 258.5 464 206 464 169c0-62.1-50.1-112.4-112-113zm41.6 229.2C351 343.5 286.1 397.3 256 420.8c-30.1-23.5-95-77.4-137.6-135.7C89.1 245.1 76 198 76 169c0-22.6 8.8-43.8 24.6-59.8 15.9-16 37-24.9 59.6-25.1H161.1c14.3 0 28.5 3.7 41.1 10.8 12.2 6.9 22.8 16.7 30.4 28.5 5.2 7.9 14 12.7 23.5 12.7s18.3-4.8 23.5-12.7c7.7-11.8 18.2-21.6 30.4-28.5 12.6-7.1 26.8-10.8 41.1-10.8h.9c22.5.2 43.7 9.1 59.6 25.1 15.9 16 24.6 37.3 24.6 59.8-.2 29-13.3 76.1-42.6 116.2z"
      />
    </svg>
  </button>
</div>
`;

exports[`Storyshots Button Heart Default 1`] = `
<div
  style={
    Object {
      "padding": "3rem",
    }
  }
>
  <button
    className="sc-AxirZ bAExwR"
    onClick={[Function]}
    size={50}
  >
    <svg
      className="heart"
      fill="currentColor"
      height="1em"
      stroke="currentColor"
      strokeWidth="0"
      style={
        Object {
          "color": undefined,
        }
      }
      viewBox="0 0 512 512"
      width="1em"
      xmlns="http://www.w3.org/2000/svg"
    >
      <path
        d="M352 56h-1c-39.7 0-74.8 21-95 52-20.2-31-55.3-52-95-52h-1c-61.9.6-112 50.9-112 113 0 37 16.2 89.5 47.8 132.7C156 384 256 456 256 456s100-72 160.2-154.3C447.8 258.5 464 206 464 169c0-62.1-50.1-112.4-112-113zm41.6 229.2C351 343.5 286.1 397.3 256 420.8c-30.1-23.5-95-77.4-137.6-135.7C89.1 245.1 76 198 76 169c0-22.6 8.8-43.8 24.6-59.8 15.9-16 37-24.9 59.6-25.1H161.1c14.3 0 28.5 3.7 41.1 10.8 12.2 6.9 22.8 16.7 30.4 28.5 5.2 7.9 14 12.7 23.5 12.7s18.3-4.8 23.5-12.7c7.7-11.8 18.2-21.6 30.4-28.5 12.6-7.1 26.8-10.8 41.1-10.8h.9c22.5.2 43.7 9.1 59.6 25.1 15.9 16 24.6 37.3 24.6 59.8-.2 29-13.3 76.1-42.6 116.2z"
      />
    </svg>
  </button>
</div>
`;

exports[`Storyshots Button Switch Dark Mode 1`] = `
<div
  style={
    Object {
      "padding": "3rem",
    }
  }
>
  <button
    className="sc-AxiKw eunhyn"
    onClick={[Function]}
  >
    <svg
      className="icon"
      fill="currentColor"
      height="1em"
      stroke="currentColor"
      strokeWidth="0"
      style={
        Object {
          "color": undefined,
        }
      }
      viewBox="0 0 512 512"
      width="1em"
      xmlns="http://www.w3.org/2000/svg"
    >
      <path
        d="M195 125c0-26.3 5.3-51.3 14.9-74.1C118.7 73 51 155.1 51 253c0 114.8 93.2 208 208 208 97.9 0 180-67.7 202.1-158.9-22.8 9.6-47.9 14.9-74.1 14.9-106 0-192-86-192-192z"
      />
    </svg>
    <svg
      className="icon -active_right"
      fill="currentColor"
      height="1em"
      stroke="currentColor"
      strokeWidth="0"
      style={
        Object {
          "color": undefined,
        }
      }
      viewBox="0 0 512 512"
      width="1em"
      xmlns="http://www.w3.org/2000/svg"
    >
      <path
        d="M277.3 32h-42.7v64h42.7V32zm129.1 43.7L368 114.1l29.9 29.9 38.4-38.4-29.9-29.9zm-300.8 0l-29.9 29.9 38.4 38.4 29.9-29.9-38.4-38.4zM256 128c-70.4 0-128 57.6-128 128s57.6 128 128 128 128-57.6 128-128-57.6-128-128-128zm224 106.7h-64v42.7h64v-42.7zm-384 0H32v42.7h64v-42.7zM397.9 368L368 397.9l38.4 38.4 29.9-29.9-38.4-38.4zm-283.8 0l-38.4 38.4 29.9 29.9 38.4-38.4-29.9-29.9zm163.2 48h-42.7v64h42.7v-64z"
      />
    </svg>
  </button>
</div>
`;

exports[`Storyshots Button Switch Default 1`] = `
<div
  style={
    Object {
      "padding": "3rem",
    }
  }
>
  <button
    className="sc-AxiKw bHjPpP"
    onClick={[Function]}
  >
    <svg
      className="icon"
      fill="currentColor"
      height="1em"
      stroke="currentColor"
      strokeWidth="0"
      style={
        Object {
          "color": undefined,
        }
      }
      viewBox="0 0 512 512"
      width="1em"
      xmlns="http://www.w3.org/2000/svg"
    >
      <path
        d="M195 125c0-26.3 5.3-51.3 14.9-74.1C118.7 73 51 155.1 51 253c0 114.8 93.2 208 208 208 97.9 0 180-67.7 202.1-158.9-22.8 9.6-47.9 14.9-74.1 14.9-106 0-192-86-192-192z"
      />
    </svg>
    <svg
      className="icon -active_right"
      fill="currentColor"
      height="1em"
      stroke="currentColor"
      strokeWidth="0"
      style={
        Object {
          "color": undefined,
        }
      }
      viewBox="0 0 512 512"
      width="1em"
      xmlns="http://www.w3.org/2000/svg"
    >
      <path
        d="M277.3 32h-42.7v64h42.7V32zm129.1 43.7L368 114.1l29.9 29.9 38.4-38.4-29.9-29.9zm-300.8 0l-29.9 29.9 38.4 38.4 29.9-29.9-38.4-38.4zM256 128c-70.4 0-128 57.6-128 128s57.6 128 128 128 128-57.6 128-128-57.6-128-128-128zm224 106.7h-64v42.7h64v-42.7zm-384 0H32v42.7h64v-42.7zM397.9 368L368 397.9l38.4 38.4 29.9-29.9-38.4-38.4zm-283.8 0l-38.4 38.4 29.9 29.9 38.4-38.4-29.9-29.9zm163.2 48h-42.7v64h42.7v-64z"
      />
    </svg>
  </button>
</div>
`;

exports[`Storyshots Button Text 1`] = `
<button
  onClick={[Function]}
  style={
    Object {
      "backgroundColor": "#FFFFFF",
      "border": "1px solid #eee",
      "borderRadius": 3,
      "cursor": "pointer",
      "fontSize": 15,
      "margin": 10,
      "padding": "3px 10px",
    }
  }
  type="button"
>
  Hello Button
</button>
`;

exports[`Storyshots Button Toggle Dark Mode 1`] = `
<div
  style={
    Object {
      "padding": "3rem",
    }
  }
>
  <button
    className="sc-AxhCb gANHEt"
    onClick={[Function]}
  >
    <svg
      className="icon_toggle"
      fill="currentColor"
      height="1em"
      stroke="currentColor"
      strokeWidth="0"
      style={
        Object {
          "color": undefined,
        }
      }
      viewBox="0 0 512 512"
      width="1em"
      xmlns="http://www.w3.org/2000/svg"
    >
      <path
        d="M256 48C141.1 48 48 141.1 48 256s93.1 208 208 208 208-93.1 208-208S370.9 48 256 48zm127.3 335.3c-34 34-79.2 52.7-127.3 52.7V76c48.1 0 93.3 18.7 127.3 52.7S436 207.9 436 256s-18.7 93.3-52.7 127.3z"
      />
    </svg>
  </button>
</div>
`;

exports[`Storyshots Button Toggle Default 1`] = `
<div
  style={
    Object {
      "padding": "3rem",
    }
  }
>
  <button
    className="sc-AxhCb ljbirV"
    onClick={[Function]}
  >
    <svg
      className="icon_toggle"
      fill="currentColor"
      height="1em"
      stroke="currentColor"
      strokeWidth="0"
      style={
        Object {
          "color": undefined,
        }
      }
      viewBox="0 0 512 512"
      width="1em"
      xmlns="http://www.w3.org/2000/svg"
    >
      <path
        d="M256 48C141.1 48 48 141.1 48 256s93.1 208 208 208 208-93.1 208-208S370.9 48 256 48zm127.3 335.3c-34 34-79.2 52.7-127.3 52.7V76c48.1 0 93.3 18.7 127.3 52.7S436 207.9 436 256s-18.7 93.3-52.7 127.3z"
      />
    </svg>
  </button>
</div>
`;

exports[`Storyshots Card Information Dark Mode 1`] = `
<div
  style={
    Object {
      "padding": "3rem",
    }
  }
>
  <div
    className="sc-AxgMl JJjHl"
    onClick={[Function]}
  >
    <div
      className="relative-button"
    >
      <button
        className="sc-AxirZ gBAHCS"
        onClick={[Function]}
        size={50}
      >
        <svg
          className="heart"
          fill="currentColor"
          height="1em"
          stroke="currentColor"
          strokeWidth="0"
          style={
            Object {
              "color": undefined,
            }
          }
          viewBox="0 0 512 512"
          width="1em"
          xmlns="http://www.w3.org/2000/svg"
        >
          <path
            d="M352 56h-1c-39.7 0-74.8 21-95 52-20.2-31-55.3-52-95-52h-1c-61.9.6-112 50.9-112 113 0 37 16.2 89.5 47.8 132.7C156 384 256 456 256 456s100-72 160.2-154.3C447.8 258.5 464 206 464 169c0-62.1-50.1-112.4-112-113zm41.6 229.2C351 343.5 286.1 397.3 256 420.8c-30.1-23.5-95-77.4-137.6-135.7C89.1 245.1 76 198 76 169c0-22.6 8.8-43.8 24.6-59.8 15.9-16 37-24.9 59.6-25.1H161.1c14.3 0 28.5 3.7 41.1 10.8 12.2 6.9 22.8 16.7 30.4 28.5 5.2 7.9 14 12.7 23.5 12.7s18.3-4.8 23.5-12.7c7.7-11.8 18.2-21.6 30.4-28.5 12.6-7.1 26.8-10.8 41.1-10.8h.9c22.5.2 43.7 9.1 59.6 25.1 15.9 16 24.6 37.3 24.6 59.8-.2 29-13.3 76.1-42.6 116.2z"
          />
        </svg>
      </button>
    </div>
    <h1>
      iPhone 11
    </h1>
    <img
      alt="iPhone 11"
      src="https://www.myistore.co.za/media/wysiwyg/iPhone11Pro/iPhone-11-PO-banner_1.png"
    />
    <p>
      The iPhone is a smartphone made by Apple that combines a computer, iPod, digital camera and cellular phone into one device with a touchscreen interface. The iPhone runs the iOS operating system
    </p>
    <div
      className="footer-button"
    >
      <button
        className="sc-AxjAm iuhPQy"
        onClick={[Function]}
      >
        <p>
          Add to Cart
        </p>
      </button>
    </div>
  </div>
</div>
`;

exports[`Storyshots Card Information Default 1`] = `
<div
  style={
    Object {
      "padding": "3rem",
    }
  }
>
  <div
    className="sc-AxgMl eOoEIw"
    onClick={[Function]}
  >
    <div
      className="relative-button"
    >
      <button
        className="sc-AxirZ bAExwR"
        onClick={[Function]}
        size={50}
      >
        <svg
          className="heart"
          fill="currentColor"
          height="1em"
          stroke="currentColor"
          strokeWidth="0"
          style={
            Object {
              "color": undefined,
            }
          }
          viewBox="0 0 512 512"
          width="1em"
          xmlns="http://www.w3.org/2000/svg"
        >
          <path
            d="M352 56h-1c-39.7 0-74.8 21-95 52-20.2-31-55.3-52-95-52h-1c-61.9.6-112 50.9-112 113 0 37 16.2 89.5 47.8 132.7C156 384 256 456 256 456s100-72 160.2-154.3C447.8 258.5 464 206 464 169c0-62.1-50.1-112.4-112-113zm41.6 229.2C351 343.5 286.1 397.3 256 420.8c-30.1-23.5-95-77.4-137.6-135.7C89.1 245.1 76 198 76 169c0-22.6 8.8-43.8 24.6-59.8 15.9-16 37-24.9 59.6-25.1H161.1c14.3 0 28.5 3.7 41.1 10.8 12.2 6.9 22.8 16.7 30.4 28.5 5.2 7.9 14 12.7 23.5 12.7s18.3-4.8 23.5-12.7c7.7-11.8 18.2-21.6 30.4-28.5 12.6-7.1 26.8-10.8 41.1-10.8h.9c22.5.2 43.7 9.1 59.6 25.1 15.9 16 24.6 37.3 24.6 59.8-.2 29-13.3 76.1-42.6 116.2z"
          />
        </svg>
      </button>
    </div>
    <h1>
      iPhone 11
    </h1>
    <img
      alt="iPhone 11"
      src="https://www.myistore.co.za/media/wysiwyg/iPhone11Pro/iPhone-11-PO-banner_1.png"
    />
    <p>
      The iPhone is a smartphone made by Apple that combines a computer, iPod, digital camera and cellular phone into one device with a touchscreen interface. The iPhone runs the iOS operating system
    </p>
    <div
      className="footer-button"
    >
      <button
        className="sc-AxjAm dmLlNS"
        onClick={[Function]}
      >
        <p>
          Click me
        </p>
      </button>
    </div>
  </div>
</div>
`;

exports[`Storyshots Modal Simple Dark Mode 1`] = `
<div
  style={
    Object {
      "padding": "3rem",
    }
  }
>
  <div
    className="sc-AxhUy ghaldd -open_modal"
  >
    <div
      className="modal_container"
    >
      <svg
        className="icon_rotate"
        fill="currentColor"
        height={50}
        size={50}
        stroke="currentColor"
        strokeWidth="0"
        style={
          Object {
            "color": undefined,
          }
        }
        viewBox="0 0 512 512"
        width={50}
        xmlns="http://www.w3.org/2000/svg"
      >
        <path
          d="M256 48C141.1 48 48 141.1 48 256s93.1 208 208 208 208-93.1 208-208S370.9 48 256 48zm127.3 335.3c-34 34-79.2 52.7-127.3 52.7V76c48.1 0 93.3 18.7 127.3 52.7S436 207.9 436 256s-18.7 93.3-52.7 127.3z"
        />
      </svg>
      <h3
        className="modal_title"
      >
        Automatic Dark mode on
      </h3>
      <p
        className="modal_text"
      >
        This is the automatic mode. This mode works depending on your time zone.
      </p>
      <button
        className="sc-AxjAm iuhPQy"
        onClick={[Function]}
      >
        <p>
          Add to Cart
        </p>
      </button>
    </div>
  </div>
</div>
`;

exports[`Storyshots Modal Simple Default 1`] = `
<div
  style={
    Object {
      "padding": "3rem",
    }
  }
>
  <div
    className="sc-AxhUy jdNGdR -open_modal"
  >
    <div
      className="modal_container"
    >
      <svg
        className="icon_rotate"
        fill="currentColor"
        height={50}
        size={50}
        stroke="currentColor"
        strokeWidth="0"
        style={
          Object {
            "color": undefined,
          }
        }
        viewBox="0 0 512 512"
        width={50}
        xmlns="http://www.w3.org/2000/svg"
      >
        <path
          d="M256 48C141.1 48 48 141.1 48 256s93.1 208 208 208 208-93.1 208-208S370.9 48 256 48zm127.3 335.3c-34 34-79.2 52.7-127.3 52.7V76c48.1 0 93.3 18.7 127.3 52.7S436 207.9 436 256s-18.7 93.3-52.7 127.3z"
        />
      </svg>
      <h3
        className="modal_title"
      >
        Automatic Dark mode on
      </h3>
      <p
        className="modal_text"
      >
        This is the automatic mode. This mode works depending on your time zone.
      </p>
      <button
        className="sc-AxjAm dmLlNS"
        onClick={[Function]}
      >
        <p>
          Click me
        </p>
      </button>
    </div>
  </div>
</div>
`;

exports[`Storyshots Progress Circle Dark Mode 1`] = `
<div
  style={
    Object {
      "padding": "3rem",
    }
  }
>
  <div
    className="sc-AxheI ljaNvO"
    size={75}
  />
</div>
`;

exports[`Storyshots Progress Circle Default 1`] = `
<div
  style={
    Object {
      "padding": "3rem",
    }
  }
>
  <div
    className="sc-AxheI ioQWMe"
    size={75}
  />
</div>
`;

exports[`Storyshots Welcome to Storybook 1`] = `
<article
  style={
    Object {
      "backgroundColor": "#fff",
      "color": "#000",
      "fontFamily": "\\"Helvetica Neue\\", Helvetica, \\"Segoe UI\\", Arial, freesans, sans-serif",
      "lineHeight": 1.4,
      "padding": 15,
    }
  }
>
  <h1>
    Welcome to storybook
  </h1>
  <p>
    This is a UI component dev environment for your app.
  </p>
  <p>
    We've added some basic stories inside the 
    <code
      style={
        Object {
          "backgroundColor": "#f3f2f2",
          "border": "1px solid #eae9e9",
          "borderRadius": 4,
          "color": "#3a3a3a",
          "fontSize": 15,
          "fontWeight": 600,
          "padding": "2px 5px",
        }
      }
    >
      src/stories
    </code>
     directory.
    <br />
    A story is a single state of one or more UI components. You can have as many stories as you want.
    <br />
    (Basically a story is like a visual test case.)
  </p>
  <p>
    See these sample 
    <button
      onClick={[Function]}
      style={
        Object {
          "backgroundColor": "transparent",
          "borderBottom": "1px solid #1474f3",
          "borderLeft": "none",
          "borderRight": "none",
          "borderTop": "none",
          "color": "#1474f3",
          "cursor": "pointer",
          "font": "inherit",
          "padding": 0,
          "paddingBottom": 2,
          "textDecoration": "none",
        }
      }
      type="button"
    >
      stories
    </button>
     for a component called¬†
    <code
      style={
        Object {
          "backgroundColor": "#f3f2f2",
          "border": "1px solid #eae9e9",
          "borderRadius": 4,
          "color": "#3a3a3a",
          "fontSize": 15,
          "fontWeight": 600,
          "padding": "2px 5px",
        }
      }
    >
      Button
    </code>
    .
  </p>
  <p>
    Just like that, you can add your own components as stories.
    <br />
    You can also edit those components and see changes right away.
    <br />
    (Try editing the 
    <code
      style={
        Object {
          "backgroundColor": "#f3f2f2",
          "border": "1px solid #eae9e9",
          "borderRadius": 4,
          "color": "#3a3a3a",
          "fontSize": 15,
          "fontWeight": 600,
          "padding": "2px 5px",
        }
      }
    >
      Button
    </code>
     stories located at¬†
    <code
      style={
        Object {
          "backgroundColor": "#f3f2f2",
          "border": "1px solid #eae9e9",
          "borderRadius": 4,
          "color": "#3a3a3a",
          "fontSize": 15,
          "fontWeight": 600,
          "padding": "2px 5px",
        }
      }
    >
      src/stories/1-Button.stories.js
    </code>
    .)
  </p>
  <p>
    Usually we create stories with smaller UI components in the app.
    <br />
    Have a look at the¬†
    <a
      href="https://storybook.js.org/basics/writing-stories"
      rel="noopener noreferrer"
      style={
        Object {
          "borderBottom": "1px solid #1474f3",
          "color": "#1474f3",
          "paddingBottom": 2,
          "textDecoration": "none",
        }
      }
      target="_blank"
    >
      Writing Stories
    </a>
    ¬†section in our documentation.
  </p>
  <p
    style={
      Object {
        "opacity": 0.5,
      }
    }
  >
    <b>
      NOTE:
    </b>
    <br />
    Have a look at the 
    <code
      style={
        Object {
          "backgroundColor": "#f3f2f2",
          "border": "1px solid #eae9e9",
          "borderRadius": 4,
          "color": "#3a3a3a",
          "fontSize": 15,
          "fontWeight": 600,
          "padding": "2px 5px",
        }
      }
    >
      .storybook/webpack.config.js
    </code>
     to add webpack loaders and plugins you are using in this project.
  </p>
</article>
`;
